// Jest Snapshot v1, https://goo.gl/fbAQLP

exports[`Testing CalculatorPage component Testing with snapshot 1`] = `
<main
  id="calculator-main"
>
  <p>
    Lets do some math!
  </p>
  <div
    id="calculator"
  >
    <p
      id="display"
    >
      0
    </p>
    <div
      id="buttons"
    >
      <div
        id="digits-and-functions"
      >
        <div
          id="unary-functions"
        >
          <button
            onClick={[Function]}
            type="button"
            value="AC"
          >
            AC
          </button>
          <button
            onClick={[Function]}
            type="button"
            value="+/-"
          >
            +/-
          </button>
          <button
            onClick={[Function]}
            type="button"
            value="%"
          >
            %
          </button>
        </div>
        <div
          id="neumeric-functions"
        >
          <button
            onClick={[Function]}
            type="button"
            value="1"
          >
            1
          </button>
          <button
            onClick={[Function]}
            type="button"
            value="2"
          >
            2
          </button>
          <button
            onClick={[Function]}
            type="button"
            value="3"
          >
            3
          </button>
          <button
            onClick={[Function]}
            type="button"
            value="4"
          >
            4
          </button>
          <button
            onClick={[Function]}
            type="button"
            value="5"
          >
            5
          </button>
          <button
            onClick={[Function]}
            type="button"
            value="6"
          >
            6
          </button>
          <button
            onClick={[Function]}
            type="button"
            value="7"
          >
            7
          </button>
          <button
            onClick={[Function]}
            type="button"
            value="8"
          >
            8
          </button>
          <button
            onClick={[Function]}
            type="button"
            value="9"
          >
            9
          </button>
          <button
            onClick={[Function]}
            type="button"
            value="0"
          >
            0
          </button>
          <button
            onClick={[Function]}
            type="button"
            value="."
          >
            .
          </button>
        </div>
      </div>
      <div
        id="arithmatic-functions"
      >
        <button
          onClick={[Function]}
          type="button"
          value="รท"
        >
          รท
        </button>
        <button
          onClick={[Function]}
          type="button"
          value="x"
        >
          x
        </button>
        <button
          onClick={[Function]}
          type="button"
          value="-"
        >
          -
        </button>
        <button
          onClick={[Function]}
          type="button"
          value="+"
        >
          +
        </button>
        <button
          onClick={[Function]}
          type="button"
          value="="
        >
          =
        </button>
      </div>
    </div>
  </div>
</main>
`;
