// Jest Snapshot v1, https://goo.gl/fbAQLP

exports[`Testing Function component Testing with snapshot 1`] = `
<div
  id="unary-functions"
>
  <button
    onClick={[MockFunction]}
    type="button"
    value="AC"
  >
    AC
  </button>
  <button
    onClick={[MockFunction]}
    type="button"
    value="+/-"
  >
    +/-
  </button>
  <button
    onClick={[MockFunction]}
    type="button"
    value="%"
  >
    %
  </button>
</div>
`;
